---
source: src/main.rs
expression: compile(program1)
---
var x;
x = 10;
x = x * 1;
print 1035 + x;
